Reading netlist file: "H:\git\Pmod\Pmod_LCD096\Pmod_LCD_glm51\lcd96\impl\gwsynthesis\lcd96.vg"
Parsing netlist file "H:\git\Pmod\Pmod_LCD096\Pmod_LCD_glm51\lcd96\impl\gwsynthesis\lcd96.vg" completed
Processing netlist completed
Reading constraint file: "H:\git\Pmod\Pmod_LCD096\Pmod_LCD_glm51\lcd96\src\top.cst"
Physical Constraint parsed completed
Running placement......
[10%] Placement Phase 0 completed
[20%] Placement Phase 1 completed
[30%] Placement Phase 2 completed
[50%] Placement Phase 3 completed
Running routing......
[60%] Routing Phase 0 completed
[70%] Routing Phase 1 completed
[80%] Routing Phase 2 completed
[90%] Routing Phase 3 completed
Running timing analysis......
[95%] Timing analysis completed
Placement and routing completed
Bitstream generation in progress......
Bitstream generation completed
Running power analysis......
[100%] Power analysis completed
Generate file "H:\git\Pmod\Pmod_LCD096\Pmod_LCD_glm51\lcd96\impl\pnr\lcd96.power.html" completed
Generate file "H:\git\Pmod\Pmod_LCD096\Pmod_LCD_glm51\lcd96\impl\pnr\lcd96.pin.html" completed
Generate file "H:\git\Pmod\Pmod_LCD096\Pmod_LCD_glm51\lcd96\impl\pnr\lcd96.rpt.html" completed
Generate file "H:\git\Pmod\Pmod_LCD096\Pmod_LCD_glm51\lcd96\impl\pnr\lcd96.rpt.txt" completed
Generate file "H:\git\Pmod\Pmod_LCD096\Pmod_LCD_glm51\lcd96\impl\pnr\lcd96.tr.html" completed
Sat Sep 12 00:08:07 2026

