Efinity Synthesis report for project lcd
Version: 2026.1.132
Generated at: Jun 15, 2026 00:26:24
Copyright (C) 2013 - 2026  All rights reserved.

Top-level Entity Name : top

family : Trion
device : T8F81
project : lcd
root : top
I,include : H:/git/Pmod/Pmod_TFTLCD/Efinix_T8/lcd
binary-db : H:/git/Pmod/Pmod_TFTLCD/Efinix_T8/lcd/outflow/lcd.vdb
insert-ios : 0
max-carry-cascade : 160
max_mult : -1
max_ram : -1
mode : speed
output-dir : H:/git/Pmod/Pmod_TFTLCD/Efinix_T8/lcd/outflow
proj_curr_path : H:\git\Pmod\Pmod_TFTLCD\Efinix_T8\lcd
project : lcd
project-xml : H:\git\Pmod\Pmod_TFTLCD\Efinix_T8\lcd\lcd.xml
root : top
work-dir : H:/git/Pmod/Pmod_TFTLCD/Efinix_T8/lcd/work_syn
write-efx-verilog : H:/git/Pmod/Pmod_TFTLCD/Efinix_T8/lcd/outflow/lcd.map.v
write-premap-module : H:/git/Pmod/Pmod_TFTLCD/Efinix_T8/lcd/outflow/lcd.elab.vdb

File List:

H:\git\Pmod\Pmod_TFTLCD\Efinix_T8\lcd\top.sv
H:\git\Pmod\Pmod_TFTLCD\Efinix_T8\lcd\img_rom.v
H:\git\Pmod\Pmod_TFTLCD\Efinix_T8\lcd\touch_ctrl.v

### ### Report Section Start ### ###


### ### EFX_FF CE enables (begin) ### ### ###

Total number of enable signals: 36
Total number of FFs with enable signals: 345
+---------------------+------------------+
|CE Signal            |Number of FF loads|
+---------------------+------------------+
|ceg_net66            |               27 |
|touch_ctrl_inst/n3220|               24 |
|ceg_net122           |               24 |
|equal_14/n47         |               24 |
|touch_ctrl_inst/n3316|               24 |
|touch_ctrl_inst/n3205|               24 |
|move_pulse           |               17 |
|touch_ctrl_inst/n3537|               17 |
|ceg_net170           |               17 |
|ceg_net67            |               16 |
|touch_ctrl_inst/n3457|               12 |
|ceg_net44            |               12 |
|touch_ctrl_inst/n3404|               12 |
|touch_ctrl_inst/n1576|               12 |
|touch_ctrl_inst/n3492|               10 |
|ceg_net171           |                9 |
|n505                 |                8 |
|ceg_net197           |                8 |
|ceg_net172           |                8 |
|ceg_net201           |                7 |
|ceg_net38            |                6 |
|ceg_net195           |                4 |
|~ceg_net136          |                3 |
|touch_ctrl_inst/n96  |                3 |
|ceg_net140           |                2 |
|ceg_net42            |                2 |
|ceg_net199           |                2 |
|ceg_net196           |                2 |
|ceg_net14            |                2 |
|ceg_net135           |                1 |
|ceg_net130           |                1 |
|ceg_net128           |                1 |
|ceg_net134           |                1 |
|touch_ctrl_inst/n371 |                1 |
|n136                 |                1 |
|ceg_net198           |                1 |
+---------------------+------------------+

### ### EFX_FF CE enables (end) ### ### ###

### ### EFX_FF SR set/reset (begin) ### ### ###

Total number of set/reset signals: 1
Total number of FFs with set/reset signals: 390
+---------+------------------+
|SR Signal|Number of FF loads|
+---------+------------------+
|btn_r2   |              390 |
+---------+------------------+

### ### EFX_FF SR set/reset (end) ### ### ###

### ### Sequential Elements/Signals Trimming Report (begin) ### ### ### 
'touch_ctrl_inst/spi_cmd[0]' (touch_ctrl.v:175) (optimized to 0)
'touch_ctrl_inst/shift_out[0]' (touch_ctrl.v:180) (optimized to 0)
'touch_ctrl_inst/spi_cmd[1]' (touch_ctrl.v:175) (optimized to 0)
'touch_ctrl_inst/spi_cmd[2]' (touch_ctrl.v:175) (optimized to 0)
'touch_ctrl_inst/spi_cmd[3]' (touch_ctrl.v:175) (optimized to 0)
'touch_ctrl_inst/shift_out[1]' (touch_ctrl.v:180) (optimized to 0)
'touch_ctrl_inst/shift_out[2]' (touch_ctrl.v:180) (optimized to 0)
'touch_ctrl_inst/shift_out[3]' (touch_ctrl.v:180) (optimized to 0)
'touch_ctrl_inst/spi_cmd[4]' (touch_ctrl.v:175) (merged to equivalence)
'touch_ctrl_inst/shift_out[4]' (touch_ctrl.v:180) (merged to equivalence)
### ### Sequential Elements Trimming Report (end) ### ### ### 

### ### Module Resource Usage Distribution Estimates (begin) ### ###

**Note: some resources maybe grouped under different hierarchy due to optimization and LUT mapping

Module                              FFs      ADDs       LUTs      RAMs DSP/MULTs
-----------------------------       ---      ----       ----      ---- ---------
top:top                        392(200)  167(139) 3235(2900)      0(0)      4(0)
 +touch_ctrl_inst:touch_ctrl   192(192)    28(28)   335(335)      0(0)      4(4)

### ### Module Resource Usage Distribution Estimates (end) ### ###


### ### Wide Multiplier Decomposition Report (begin) ### ### ### 

'mult_169' (H:\git\Pmod\Pmod_TFTLCD\Efinix_T8\lcd\touch_ctrl.v:119) 22x9 decomposed into 2 partial products.
'mult_177' (H:\git\Pmod\Pmod_TFTLCD\Efinix_T8\lcd\touch_ctrl.v:137) 21x8 decomposed into 2 partial products.

### ### Wide Multiplier Decomposition Report (end) ### ### ### 

### ### DSP Usage Report (begin) ### ### ### 

 No DSP in design

### ### Clock Load Distribution Report (begin) ### ###

+-------+----------+------------+----------------+
|Clock  |Flip-Flops|Memory Ports|Multipliers/DSPs|
+-------+----------+------------+----------------+
|pll_clk|      392 |          0 |              0 |
+-------+----------+------------+----------------+

### ### Clock Load Distribution Report (end) ### ###

### ### Resource Summary (begin) ### ### ### 

INPUT  PORTS    : 	4
OUTPUT PORTS    : 	11

EFX_ADD                 : 	167
EFX_LUT4                : 	3235
   1-2  Inputs          : 	490
   3    Inputs          : 	852
   4    Inputs          : 	1893
EFX_MULT                : 	4
EFX_FF                  : 	392
EFX_GBUFCE              : 	1
### ### Resource Summary (end) ### ### ###

Plain synthesis (without verilog dump and post-map checks) time : 19s
Elapsed synthesis time : 19s
