
Efinix Static Timing Analysis Report
Version: 2026.1.132
Date: Thu Jun 11 03:50:56 2026

Copyright (C) 2013 - 2026 Efinix, Inc. All rights reserved.

Top-level Entity Name: lcd

SDC Filename: Not Specified

Timing Model: C2
	temperature : 0C to 85C
	voltage : 1.1V +/-50mV
	speedgrade : 2
	technology : s40ll
	status : final

---------- Table of Contents (begin) ----------
   1. Clock Frequency Summary
   2. Clock Relationship Summary
   3. Path Details for Max Critical Paths
   4. Path Details for Min Critical Paths
---------- Table of Contents (end) ------------

---------- 1. Clock Frequency Summary (begin) ----------

User target constrained clocks
 Clock Name  Period (ns)  Frequency (MHz)   Waveform      Targets
    clk         1.000        1000.000     {0.000 0.500}    {clk}

Maximum possible analyzed clocks frequency
 Clock Name  Period (ns)  Frequency (MHz)     Edge
    clk         23.686        42.219         (R-R)

Geomean max period: 23.686

---------- Clock Frequency Summary (end) ---------------

---------- 2. Clock Relationship Summary (begin) ----------

Setup (Max) Clock Relationship
  Launch Clock    Capture Clock   Constraint (ns)     Slack (ns)          Edge
      clk              clk             1.000           -22.686           (R-R)

Hold (Min) Clock Relationship
  Launch Clock    Capture Clock   Constraint (ns)     Slack (ns)          Edge
      clk              clk             0.000            0.643            (R-R)

NOTE: Values are in nanoseconds.

---------- Clock Relationship Summary (end) ---------------

---------- 3. Path Details for Max Critical Paths (begin) ----------

################################################################################
Path Detail Report (clk vs clk)
################################################################################


++++ Path 1 ++++++++++++++++++++++++++++++++++++++++++++++++++++++++++++++++++++

Path Begin    : img_addr[0]~FF|CLK                    
Path End      : cur_color[9]~FF|D                     
Launch Clock  : clk (RISE)                            
Capture Clock : clk (RISE)                            
Slack         : -22.686 (required time - arrival time)
Delay         : 22.512                                

Logic Level             : 7
Non-global nets on path : 7
Global nets on path     : 0

Launch Clock Path Delay        :  8.359
+ Clock To Q + Data Path Delay : 23.546
---------------------------------------
End-of-path arrival time       : 31.905

Constraint                     : 1.000
+ Capture Clock Path Delay     : 8.359
- Clock Uncertainty            : 0.140
--------------------------------------
End-of-path required time      : 9.219

Launch Clock Path
       name         model name   delay (ns)  cumulative delay (ns) pins on net    location
============================================================================================
clk                   inpad        0.000             0.000               0        (0,22) 
clk                   inpad        0.420             0.420               2        (0,22) 
clk                   net          4.621             5.041               2        (0,22) 
   Routing elements:
      Manhattan distance of X:1, Y:56
CLKBUF__0|I           gbuf         3.318             8.359               2        (1,78) 
CLKBUF__0|O           gbuf         0.000             8.359             204        (1,78) 
clk~O                 net          0.000             8.359             204        (1,78) 
img_addr[0]~FF|CLK    ff           0.000             8.359             204        (29,76)

Data Path
      name         model name   delay (ns)  cumulative delay (ns) pins on net    location
===========================================================================================
img_addr[0]~FF|Q      ff          0.650             0.650             840        (29,76) 
img_addr[0]           net         5.212             5.862             840        (29,76) 
   Routing elements:
      Manhattan distance of X:0, Y:17
LUT__1565|in[0]       lut         0.000             5.862             840        (29,93) 
LUT__1565|out         lut         0.000             5.862              10        (29,93) 
n925                  net         3.339             9.201              10        (29,93) 
   Routing elements: feedthru(1)
      Manhattan distance of X:0, Y:25
LUT__3062|in[3]       lut         0.000             9.201              10        (29,68) 
LUT__3062|out         lut         0.000             9.201               2        (29,68) 
n2360                 net         4.073            13.274               2        (29,68) 
   Routing elements:
      Manhattan distance of X:20, Y:53
LUT__3065|in[0]       lut         0.000            13.274               2        (49,121)
LUT__3065|out         lut         0.000            13.274               2        (49,121)
n2363                 net         1.793            15.067               2        (49,121)
   Routing elements:
      Manhattan distance of X:1, Y:0
LUT__3066|in[2]       lut         0.000            15.067               2        (48,121)
LUT__3066|out         lut         0.000            15.067               2        (48,121)
n2364                 net         4.205            19.272               2        (48,121)
   Routing elements:
      Manhattan distance of X:20, Y:28
LUT__3077|in[0]       lut         0.000            19.272               2        (68,93) 
LUT__3077|out         lut         0.000            19.272               2        (68,93) 
n2375                 net         1.850            21.122               2        (68,93) 
   Routing elements:
      Manhattan distance of X:1, Y:0
LUT__3078|in[0]       lut         0.000            21.122               2        (69,93) 
LUT__3078|out         lut         0.000            21.122               2        (69,93) 
n2376                 net         2.040            23.162               2        (69,93) 
   Routing elements:
      Manhattan distance of X:6, Y:0
LUT__3151|in[0]       lut         0.000            23.162               2        (63,93) 
LUT__3151|out         lut         0.000            23.162               2        (63,93) 
n2194_2               net         0.000            23.162               2        (63,93) 
cur_color[9]~FF|D     ff          0.384            23.546               2        (63,93) 

Capture Clock Path
       name          model name   delay (ns)  cumulative delay (ns) pins on net    location
=============================================================================================
clk                    inpad        0.000             0.000               0        (0,22) 
clk                    inpad        0.420             0.420               2        (0,22) 
clk                    net          4.621             5.041               2        (0,22) 
   Routing elements:
      Manhattan distance of X:1, Y:56
CLKBUF__0|I            gbuf         3.318             8.359               2        (1,78) 
CLKBUF__0|O            gbuf         0.000             8.359             204        (1,78) 
clk~O                  net          0.000             8.359             204        (1,78) 
cur_color[9]~FF|CLK    ff           0.000             8.359             204        (63,93)

++++ Path 2 ++++++++++++++++++++++++++++++++++++++++++++++++++++++++++++++++++++

Path Begin    : img_addr[1]~FF|CLK                    
Path End      : cur_color[6]~FF|D                     
Launch Clock  : clk (RISE)                            
Capture Clock : clk (RISE)                            
Slack         : -22.630 (required time - arrival time)
Delay         : 22.456                                

Logic Level             : 7
Non-global nets on path : 7
Global nets on path     : 0

Launch Clock Path Delay        :  8.359
+ Clock To Q + Data Path Delay : 23.490
---------------------------------------
End-of-path arrival time       : 31.849

Constraint                     : 1.000
+ Capture Clock Path Delay     : 8.359
- Clock Uncertainty            : 0.140
--------------------------------------
End-of-path required time      : 9.219

Launch Clock Path
       name         model name   delay (ns)  cumulative delay (ns) pins on net    location
============================================================================================
clk                   inpad        0.000             0.000               0        (0,22) 
clk                   inpad        0.420             0.420               2        (0,22) 
clk                   net          4.621             5.041               2        (0,22) 
   Routing elements:
      Manhattan distance of X:1, Y:56
CLKBUF__0|I           gbuf         3.318             8.359               2        (1,78) 
CLKBUF__0|O           gbuf         0.000             8.359             204        (1,78) 
clk~O                 net          0.000             8.359             204        (1,78) 
img_addr[1]~FF|CLK    ff           0.000             8.359             204        (31,75)

Data Path
      name         model name   delay (ns)  cumulative delay (ns) pins on net    location
===========================================================================================
img_addr[1]~FF|Q      ff          0.650             0.650             860        (31,75) 
img_addr[1]           net         6.273             6.923             860        (31,75) 
   Routing elements:
      Manhattan distance of X:18, Y:29
LUT__1934|in[0]       lut         0.000             6.923             860        (49,104)
LUT__1934|out         lut         0.000             6.923               4        (49,104)
n1240                 net         6.509            13.432               4        (49,104)
   Routing elements: feedthru(1)
      Manhattan distance of X:23, Y:55
LUT__2694|in[3]       lut         0.000            13.432               4        (26,49) 
LUT__2694|out         lut         0.000            13.432               2        (26,49) 
n1995                 net         2.334            15.766               2        (26,49) 
   Routing elements:
      Manhattan distance of X:0, Y:37
LUT__2696|in[2]       lut         0.000            15.766               2        (26,86) 
LUT__2696|out         lut         0.000            15.766               2        (26,86) 
n1997                 net         2.040            17.806               2        (26,86) 
   Routing elements:
      Manhattan distance of X:1, Y:0
LUT__2710|in[0]       lut         0.000            17.806               2        (27,86) 
LUT__2710|out         lut         0.000            17.806               2        (27,86) 
n2011                 net         1.290            19.096               2        (27,86) 
   Routing elements:
      Manhattan distance of X:2, Y:0
LUT__2711|in[3]       lut         0.000            19.096               2        (29,86) 
LUT__2711|out         lut         0.000            19.096               2        (29,86) 
n2012                 net         2.338            21.434               2        (29,86) 
   Routing elements:
      Manhattan distance of X:20, Y:4
LUT__2712|in[3]       lut         0.000            21.434               2        (49,82) 
LUT__2712|out         lut         0.000            21.434               2        (49,82) 
n2013                 net         1.672            23.106               2        (49,82) 
   Routing elements:
      Manhattan distance of X:4, Y:0
LUT__2714|in[0]       lut         0.000            23.106               2        (53,82) 
LUT__2714|out         lut         0.000            23.106               2        (53,82) 
n2238_2               net         0.000            23.106               2        (53,82) 
cur_color[6]~FF|D     ff          0.384            23.490               2        (53,82) 

Capture Clock Path
       name          model name   delay (ns)  cumulative delay (ns) pins on net    location
=============================================================================================
clk                    inpad        0.000             0.000               0        (0,22) 
clk                    inpad        0.420             0.420               2        (0,22) 
clk                    net          4.621             5.041               2        (0,22) 
   Routing elements:
      Manhattan distance of X:1, Y:56
CLKBUF__0|I            gbuf         3.318             8.359               2        (1,78) 
CLKBUF__0|O            gbuf         0.000             8.359             204        (1,78) 
clk~O                  net          0.000             8.359             204        (1,78) 
cur_color[6]~FF|CLK    ff           0.000             8.359             204        (53,82)

++++ Path 3 ++++++++++++++++++++++++++++++++++++++++++++++++++++++++++++++++++++

Path Begin    : img_addr[1]~FF|CLK                    
Path End      : cur_color[13]~FF|D                    
Launch Clock  : clk (RISE)                            
Capture Clock : clk (RISE)                            
Slack         : -22.537 (required time - arrival time)
Delay         : 22.363                                

Logic Level             : 7
Non-global nets on path : 7
Global nets on path     : 0

Launch Clock Path Delay        :  8.359
+ Clock To Q + Data Path Delay : 23.397
---------------------------------------
End-of-path arrival time       : 31.756

Constraint                     : 1.000
+ Capture Clock Path Delay     : 8.359
- Clock Uncertainty            : 0.140
--------------------------------------
End-of-path required time      : 9.219

Launch Clock Path
       name         model name   delay (ns)  cumulative delay (ns) pins on net    location
============================================================================================
clk                   inpad        0.000             0.000               0        (0,22) 
clk                   inpad        0.420             0.420               2        (0,22) 
clk                   net          4.621             5.041               2        (0,22) 
   Routing elements:
      Manhattan distance of X:1, Y:56
CLKBUF__0|I           gbuf         3.318             8.359               2        (1,78) 
CLKBUF__0|O           gbuf         0.000             8.359             204        (1,78) 
clk~O                 net          0.000             8.359             204        (1,78) 
img_addr[1]~FF|CLK    ff           0.000             8.359             204        (31,75)

Data Path
       name         model name   delay (ns)  cumulative delay (ns) pins on net    location
============================================================================================
img_addr[1]~FF|Q       ff          0.650             0.650             860        (31,75)
img_addr[1]            net         4.902             5.552             860        (31,75)
   Routing elements:
      Manhattan distance of X:2, Y:13
LUT__1474|in[0]        lut         0.000             5.552             860        (29,62)
LUT__1474|out          lut         0.000             5.552               7        (29,62)
n834                   net         4.070             9.622               7        (29,62)
   Routing elements:
      Manhattan distance of X:1, Y:6
LUT__3580|in[2]        lut         0.000             9.622               7        (30,68)
LUT__3580|out          lut         0.000             9.622               3        (30,68)
n2874                  net         3.608            13.230               3        (30,68)
   Routing elements:
      Manhattan distance of X:1, Y:19
LUT__3589|in[2]        lut         0.000            13.230               3        (31,49)
LUT__3589|out          lut         0.000            13.230               2        (31,49)
n2883                  net         4.589            17.819               2        (31,49)
   Routing elements:
      Manhattan distance of X:12, Y:1
LUT__3590|in[1]        lut         0.000            17.819               2        (43,50)
LUT__3590|out          lut         0.000            17.819               2        (43,50)
n2884                  net         1.723            19.542               2        (43,50)
   Routing elements:
      Manhattan distance of X:4, Y:0
LUT__3591|in[0]        lut         0.000            19.542               2        (47,50)
LUT__3591|out          lut         0.000            19.542               2        (47,50)
n2885                  net         1.563            21.105               2        (47,50)
   Routing elements:
      Manhattan distance of X:0, Y:2
LUT__3594|in[1]        lut         0.000            21.105               2        (47,48)
LUT__3594|out          lut         0.000            21.105               2        (47,48)
n2888                  net         1.908            23.013               2        (47,48)
   Routing elements:
      Manhattan distance of X:0, Y:5
LUT__3684|in[0]        lut         0.000            23.013               2        (47,53)
LUT__3684|out          lut         0.000            23.013               2        (47,53)
n2160_2                net         0.000            23.013               2        (47,53)
cur_color[13]~FF|D     ff          0.384            23.397               2        (47,53)

Capture Clock Path
        name          model name   delay (ns)  cumulative delay (ns) pins on net    location
==============================================================================================
clk                     inpad        0.000             0.000               0        (0,22) 
clk                     inpad        0.420             0.420               2        (0,22) 
clk                     net          4.621             5.041               2        (0,22) 
   Routing elements:
      Manhattan distance of X:1, Y:56
CLKBUF__0|I             gbuf         3.318             8.359               2        (1,78) 
CLKBUF__0|O             gbuf         0.000             8.359             204        (1,78) 
clk~O                   net          0.000             8.359             204        (1,78) 
cur_color[13]~FF|CLK    ff           0.000             8.359             204        (47,53)

++++ Path 4 ++++++++++++++++++++++++++++++++++++++++++++++++++++++++++++++++++++

Path Begin    : img_addr[1]~FF|CLK                    
Path End      : cur_color[13]~FF|D                    
Launch Clock  : clk (RISE)                            
Capture Clock : clk (RISE)                            
Slack         : -22.348 (required time - arrival time)
Delay         : 22.174                                

Logic Level             : 7
Non-global nets on path : 7
Global nets on path     : 0

Launch Clock Path Delay        :  8.359
+ Clock To Q + Data Path Delay : 23.208
---------------------------------------
End-of-path arrival time       : 31.567

Constraint                     : 1.000
+ Capture Clock Path Delay     : 8.359
- Clock Uncertainty            : 0.140
--------------------------------------
End-of-path required time      : 9.219

Launch Clock Path
       name         model name   delay (ns)  cumulative delay (ns) pins on net    location
============================================================================================
clk                   inpad        0.000             0.000               0        (0,22) 
clk                   inpad        0.420             0.420               2        (0,22) 
clk                   net          4.621             5.041               2        (0,22) 
   Routing elements:
      Manhattan distance of X:1, Y:56
CLKBUF__0|I           gbuf         3.318             8.359               2        (1,78) 
CLKBUF__0|O           gbuf         0.000             8.359             204        (1,78) 
clk~O                 net          0.000             8.359             204        (1,78) 
img_addr[1]~FF|CLK    ff           0.000             8.359             204        (31,75)

Data Path
       name         model name   delay (ns)  cumulative delay (ns) pins on net    location
============================================================================================
img_addr[1]~FF|Q       ff          0.650             0.650             860        (31,75) 
img_addr[1]            net         6.273             6.923             860        (31,75) 
   Routing elements:
      Manhattan distance of X:18, Y:29
LUT__1934|in[0]        lut         0.000             6.923             860        (49,104)
LUT__1934|out          lut         0.000             6.923               4        (49,104)
n1240                  net         6.382            13.305               4        (49,104)
   Routing elements:
      Manhattan distance of X:8, Y:52
LUT__3603|in[0]        lut         0.000            13.305               4        (41,52) 
LUT__3603|out          lut         0.000            13.305               2        (41,52) 
n2897                  net         1.616            14.921               2        (41,52) 
   Routing elements:
      Manhattan distance of X:3, Y:0
LUT__3605|in[1]        lut         0.000            14.921               2        (44,52) 
LUT__3605|out          lut         0.000            14.921               2        (44,52) 
n2899                  net         1.667            16.588               2        (44,52) 
   Routing elements:
      Manhattan distance of X:0, Y:2
LUT__3610|in[0]        lut         0.000            16.588               2        (44,54) 
LUT__3610|out          lut         0.000            16.588               2        (44,54) 
n2904                  net         1.719            18.307               2        (44,54) 
   Routing elements:
      Manhattan distance of X:4, Y:0
LUT__3611|in[0]        lut         0.000            18.307               2        (48,54) 
LUT__3611|out          lut         0.000            18.307               2        (48,54) 
n2905                  net         2.703            21.010               2        (48,54) 
   Routing elements:
      Manhattan distance of X:0, Y:1
LUT__3682|in[2]        lut         0.000            21.010               2        (48,53) 
LUT__3682|out          lut         0.000            21.010               2        (48,53) 
n2976                  net         1.814            22.824               2        (48,53) 
   Routing elements:
      Manhattan distance of X:1, Y:0
LUT__3684|in[2]        lut         0.000            22.824               2        (47,53) 
LUT__3684|out          lut         0.000            22.824               2        (47,53) 
n2160_2                net         0.000            22.824               2        (47,53) 
cur_color[13]~FF|D     ff          0.384            23.208               2        (47,53) 

Capture Clock Path
        name          model name   delay (ns)  cumulative delay (ns) pins on net    location
==============================================================================================
clk                     inpad        0.000             0.000               0        (0,22) 
clk                     inpad        0.420             0.420               2        (0,22) 
clk                     net          4.621             5.041               2        (0,22) 
   Routing elements:
      Manhattan distance of X:1, Y:56
CLKBUF__0|I             gbuf         3.318             8.359               2        (1,78) 
CLKBUF__0|O             gbuf         0.000             8.359             204        (1,78) 
clk~O                   net          0.000             8.359             204        (1,78) 
cur_color[13]~FF|CLK    ff           0.000             8.359             204        (47,53)

++++ Path 5 ++++++++++++++++++++++++++++++++++++++++++++++++++++++++++++++++++++

Path Begin    : img_x[0]~FF|CLK                       
Path End      : cur_color[2]~FF|D                     
Launch Clock  : clk (RISE)                            
Capture Clock : clk (RISE)                            
Slack         : -22.272 (required time - arrival time)
Delay         : 22.098                                

Logic Level             : 7
Non-global nets on path : 7
Global nets on path     : 0

Launch Clock Path Delay        :  8.359
+ Clock To Q + Data Path Delay : 23.132
---------------------------------------
End-of-path arrival time       : 31.491

Constraint                     : 1.000
+ Capture Clock Path Delay     : 8.359
- Clock Uncertainty            : 0.140
--------------------------------------
End-of-path required time      : 9.219

Launch Clock Path
     name        model name   delay (ns)  cumulative delay (ns) pins on net    location
=========================================================================================
clk                inpad        0.000             0.000               0         (0,22)
clk                inpad        0.420             0.420               2         (0,22)
clk                net          4.621             5.041               2         (0,22)
   Routing elements:
      Manhattan distance of X:1, Y:56
CLKBUF__0|I        gbuf         3.318             8.359               2         (1,78)
CLKBUF__0|O        gbuf         0.000             8.359             204         (1,78)
clk~O              net          0.000             8.359             204         (1,78)
img_x[0]~FF|CLK    ff           0.000             8.359             204         (63,4)

Data Path
      name         model name   delay (ns)  cumulative delay (ns) pins on net    location
===========================================================================================
img_x[0]~FF|Q         ff          0.650             0.650               8        (63,4) 
img_x[0]              net         5.098             5.748               8        (63,4) 
   Routing elements:
      Manhattan distance of X:12, Y:19
LUT__1228|in[3]       lut         0.000             5.748               8        (51,23)
LUT__1228|out         lut         0.000             5.748               3        (51,23)
n608                  net         4.021             9.769               3        (51,23)
   Routing elements:
      Manhattan distance of X:1, Y:1
LUT__1260|in[2]       lut         0.000             9.769               3        (50,24)
LUT__1260|out         lut         0.000             9.769               2        (50,24)
n640                  net         1.425            11.194               2        (50,24)
   Routing elements:
      Manhattan distance of X:0, Y:3
LUT__1264|in[2]       lut         0.000            11.194               2        (50,27)
LUT__1264|out         lut         0.000            11.194               2        (50,27)
n644                  net         2.470            13.664               2        (50,27)
   Routing elements:
      Manhattan distance of X:5, Y:20
LUT__1267|in[2]       lut         0.000            13.664               2        (55,47)
LUT__1267|out         lut         0.000            13.664               2        (55,47)
n647                  net         2.619            16.283               2        (55,47)
   Routing elements:
      Manhattan distance of X:4, Y:20
LUT__1278|in[1]       lut         0.000            16.283               2        (59,67)
LUT__1278|out         lut         0.000            16.283              19        (59,67)
n658                  net         3.135            19.418              19        (59,67)
   Routing elements:
      Manhattan distance of X:0, Y:27
LUT__2137|in[1]       lut         0.000            19.418              19        (59,94)
LUT__2137|out         lut         0.000            19.418               2        (59,94)
n1442                 net         3.330            22.748               2        (59,94)
   Routing elements: feedthru(1)
      Manhattan distance of X:4, Y:0
LUT__2138|in[0]       lut         0.000            22.748               2        (55,94)
LUT__2138|out         lut         0.000            22.748               2        (55,94)
n2288_2               net         0.000            22.748               2        (55,94)
cur_color[2]~FF|D     ff          0.384            23.132               2        (55,94)

Capture Clock Path
       name          model name   delay (ns)  cumulative delay (ns) pins on net    location
=============================================================================================
clk                    inpad        0.000             0.000               0        (0,22) 
clk                    inpad        0.420             0.420               2        (0,22) 
clk                    net          4.621             5.041               2        (0,22) 
   Routing elements:
      Manhattan distance of X:1, Y:56
CLKBUF__0|I            gbuf         3.318             8.359               2        (1,78) 
CLKBUF__0|O            gbuf         0.000             8.359             204        (1,78) 
clk~O                  net          0.000             8.359             204        (1,78) 
cur_color[2]~FF|CLK    ff           0.000             8.359             204        (55,94)

++++ Path 6 ++++++++++++++++++++++++++++++++++++++++++++++++++++++++++++++++++++

Path Begin    : img_addr[3]~FF|CLK                    
Path End      : cur_color[6]~FF|D                     
Launch Clock  : clk (RISE)                            
Capture Clock : clk (RISE)                            
Slack         : -22.255 (required time - arrival time)
Delay         : 22.081                                

Logic Level             : 7
Non-global nets on path : 7
Global nets on path     : 0

Launch Clock Path Delay        :  8.359
+ Clock To Q + Data Path Delay : 23.115
---------------------------------------
End-of-path arrival time       : 31.474

Constraint                     : 1.000
+ Capture Clock Path Delay     : 8.359
- Clock Uncertainty            : 0.140
--------------------------------------
End-of-path required time      : 9.219

Launch Clock Path
       name         model name   delay (ns)  cumulative delay (ns) pins on net    location
============================================================================================
clk                   inpad        0.000             0.000               0        (0,22) 
clk                   inpad        0.420             0.420               2        (0,22) 
clk                   net          4.621             5.041               2        (0,22) 
   Routing elements:
      Manhattan distance of X:1, Y:56
CLKBUF__0|I           gbuf         3.318             8.359               2        (1,78) 
CLKBUF__0|O           gbuf         0.000             8.359             204        (1,78) 
clk~O                 net          0.000             8.359             204        (1,78) 
img_addr[3]~FF|CLK    ff           0.000             8.359             204        (29,78)

Data Path
      name         model name   delay (ns)  cumulative delay (ns) pins on net    location
===========================================================================================
img_addr[3]~FF|Q      ff          0.650             0.650             890        (29,78)
img_addr[3]           net         6.292             6.942             890        (29,78)
   Routing elements:
      Manhattan distance of X:18, Y:52
LUT__1733|in[1]       lut         0.000             6.942             890        (11,26)
LUT__1733|out         lut         0.000             6.942               5        (11,26)
n1039                 net         5.331            12.273               5        (11,26)
   Routing elements:
      Manhattan distance of X:21, Y:45
LUT__2646|in[0]       lut         0.000            12.273               5        (32,71)
LUT__2646|out         lut         0.000            12.273               2        (32,71)
n1947                 net         1.896            14.169               2        (32,71)
   Routing elements:
      Manhattan distance of X:0, Y:1
LUT__2654|in[0]       lut         0.000            14.169               2        (32,70)
LUT__2654|out         lut         0.000            14.169               2        (32,70)
n1955                 net         3.465            17.634               2        (32,70)
   Routing elements: feedthru(1)
      Manhattan distance of X:17, Y:3
LUT__2655|in[0]       lut         0.000            17.634               2        (49,73)
LUT__2655|out         lut         0.000            17.634               2        (49,73)
n1956                 net         1.525            19.159               2        (49,73)
   Routing elements:
      Manhattan distance of X:0, Y:10
LUT__2656|in[3]       lut         0.000            19.159               2        (49,83)
LUT__2656|out         lut         0.000            19.159               2        (49,83)
n1957                 net         1.900            21.059               2        (49,83)
   Routing elements:
      Manhattan distance of X:0, Y:1
LUT__2712|in[0]       lut         0.000            21.059               2        (49,82)
LUT__2712|out         lut         0.000            21.059               2        (49,82)
n2013                 net         1.672            22.731               2        (49,82)
   Routing elements:
      Manhattan distance of X:4, Y:0
LUT__2714|in[0]       lut         0.000            22.731               2        (53,82)
LUT__2714|out         lut         0.000            22.731               2        (53,82)
n2238_2               net         0.000            22.731               2        (53,82)
cur_color[6]~FF|D     ff          0.384            23.115               2        (53,82)

Capture Clock Path
       name          model name   delay (ns)  cumulative delay (ns) pins on net    location
=============================================================================================
clk                    inpad        0.000             0.000               0        (0,22) 
clk                    inpad        0.420             0.420               2        (0,22) 
clk                    net          4.621             5.041               2        (0,22) 
   Routing elements:
      Manhattan distance of X:1, Y:56
CLKBUF__0|I            gbuf         3.318             8.359               2        (1,78) 
CLKBUF__0|O            gbuf         0.000             8.359             204        (1,78) 
clk~O                  net          0.000             8.359             204        (1,78) 
cur_color[6]~FF|CLK    ff           0.000             8.359             204        (53,82)

++++ Path 7 ++++++++++++++++++++++++++++++++++++++++++++++++++++++++++++++++++++

Path Begin    : img_addr[3]~FF|CLK                    
Path End      : cur_color[9]~FF|D                     
Launch Clock  : clk (RISE)                            
Capture Clock : clk (RISE)                            
Slack         : -22.253 (required time - arrival time)
Delay         : 22.079                                

Logic Level             : 7
Non-global nets on path : 7
Global nets on path     : 0

Launch Clock Path Delay        :  8.359
+ Clock To Q + Data Path Delay : 23.113
---------------------------------------
End-of-path arrival time       : 31.472

Constraint                     : 1.000
+ Capture Clock Path Delay     : 8.359
- Clock Uncertainty            : 0.140
--------------------------------------
End-of-path required time      : 9.219

Launch Clock Path
       name         model name   delay (ns)  cumulative delay (ns) pins on net    location
============================================================================================
clk                   inpad        0.000             0.000               0        (0,22) 
clk                   inpad        0.420             0.420               2        (0,22) 
clk                   net          4.621             5.041               2        (0,22) 
   Routing elements:
      Manhattan distance of X:1, Y:56
CLKBUF__0|I           gbuf         3.318             8.359               2        (1,78) 
CLKBUF__0|O           gbuf         0.000             8.359             204        (1,78) 
clk~O                 net          0.000             8.359             204        (1,78) 
img_addr[3]~FF|CLK    ff           0.000             8.359             204        (29,78)

Data Path
      name         model name   delay (ns)  cumulative delay (ns) pins on net    location
===========================================================================================
img_addr[3]~FF|Q      ff          0.650             0.650             890        (29,78) 
img_addr[3]           net         5.028             5.678             890        (29,78) 
   Routing elements:
      Manhattan distance of X:10, Y:3
LUT__1769|in[0]       lut         0.000             5.678             890        (39,75) 
LUT__1769|out         lut         0.000             5.678              16        (39,75) 
n1075                 net         4.829            10.507              16        (39,75) 
   Routing elements:
      Manhattan distance of X:7, Y:38
LUT__3080|in[3]       lut         0.000            10.507              16        (32,113)
LUT__3080|out         lut         0.000            10.507               2        (32,113)
n2378                 net         3.410            13.917               2        (32,113)
   Routing elements:
      Manhattan distance of X:40, Y:6
LUT__3082|in[1]       lut         0.000            13.917               2        (72,119)
LUT__3082|out         lut         0.000            13.917               2        (72,119)
n2380                 net         1.430            15.347               2        (72,119)
   Routing elements:
      Manhattan distance of X:1, Y:0
LUT__3085|in[2]       lut         0.000            15.347               2        (73,119)
LUT__3085|out         lut         0.000            15.347               2        (73,119)
n2383                 net         2.689            18.036               2        (73,119)
   Routing elements:
      Manhattan distance of X:13, Y:0
LUT__3095|in[1]       lut         0.000            18.036               2        (60,119)
LUT__3095|out         lut         0.000            18.036               2        (60,119)
n2393                 net         3.130            21.166               2        (60,119)
   Routing elements:
      Manhattan distance of X:0, Y:26
LUT__3149|in[1]       lut         0.000            21.166               2        (60,93) 
LUT__3149|out         lut         0.000            21.166               2        (60,93) 
n2447                 net         1.563            22.729               2        (60,93) 
   Routing elements:
      Manhattan distance of X:3, Y:0
LUT__3151|in[1]       lut         0.000            22.729               2        (63,93) 
LUT__3151|out         lut         0.000            22.729               2        (63,93) 
n2194_2               net         0.000            22.729               2        (63,93) 
cur_color[9]~FF|D     ff          0.384            23.113               2        (63,93) 

Capture Clock Path
       name          model name   delay (ns)  cumulative delay (ns) pins on net    location
=============================================================================================
clk                    inpad        0.000             0.000               0        (0,22) 
clk                    inpad        0.420             0.420               2        (0,22) 
clk                    net          4.621             5.041               2        (0,22) 
   Routing elements:
      Manhattan distance of X:1, Y:56
CLKBUF__0|I            gbuf         3.318             8.359               2        (1,78) 
CLKBUF__0|O            gbuf         0.000             8.359             204        (1,78) 
clk~O                  net          0.000             8.359             204        (1,78) 
cur_color[9]~FF|CLK    ff           0.000             8.359             204        (63,93)

++++ Path 8 ++++++++++++++++++++++++++++++++++++++++++++++++++++++++++++++++++++

Path Begin    : img_addr[3]~FF|CLK                    
Path End      : cur_color[3]~FF|D                     
Launch Clock  : clk (RISE)                            
Capture Clock : clk (RISE)                            
Slack         : -22.189 (required time - arrival time)
Delay         : 22.015                                

Logic Level             : 7
Non-global nets on path : 7
Global nets on path     : 0

Launch Clock Path Delay        :  8.359
+ Clock To Q + Data Path Delay : 23.049
---------------------------------------
End-of-path arrival time       : 31.408

Constraint                     : 1.000
+ Capture Clock Path Delay     : 8.359
- Clock Uncertainty            : 0.140
--------------------------------------
End-of-path required time      : 9.219

Launch Clock Path
       name         model name   delay (ns)  cumulative delay (ns) pins on net    location
============================================================================================
clk                   inpad        0.000             0.000               0        (0,22) 
clk                   inpad        0.420             0.420               2        (0,22) 
clk                   net          4.621             5.041               2        (0,22) 
   Routing elements:
      Manhattan distance of X:1, Y:56
CLKBUF__0|I           gbuf         3.318             8.359               2        (1,78) 
CLKBUF__0|O           gbuf         0.000             8.359             204        (1,78) 
clk~O                 net          0.000             8.359             204        (1,78) 
img_addr[3]~FF|CLK    ff           0.000             8.359             204        (29,78)

Data Path
      name         model name   delay (ns)  cumulative delay (ns) pins on net    location
===========================================================================================
img_addr[3]~FF|Q      ff          0.650             0.650             890        (29,78) 
img_addr[3]           net         4.971             5.621             890        (29,78) 
   Routing elements:
      Manhattan distance of X:5, Y:15
LUT__1872|in[2]       lut         0.000             5.621             890        (34,63) 
LUT__1872|out         lut         0.000             5.621               6        (34,63) 
n1178                 net         4.337             9.958               6        (34,63) 
   Routing elements:
      Manhattan distance of X:3, Y:13
LUT__2154|in[1]       lut         0.000             9.958               6        (37,76) 
LUT__2154|out         lut         0.000             9.958               3        (37,76) 
n1458                 net         5.467            15.425               3        (37,76) 
   Routing elements:
      Manhattan distance of X:12, Y:33
LUT__2157|in[2]       lut         0.000            15.425               3        (49,109)
LUT__2157|out         lut         0.000            15.425               2        (49,109)
n1461                 net         1.426            16.851               2        (49,109)
   Routing elements:
      Manhattan distance of X:1, Y:0
LUT__2158|in[2]       lut         0.000            16.851               2        (50,109)
LUT__2158|out         lut         0.000            16.851               2        (50,109)
n1462                 net         2.716            19.567               2        (50,109)
   Routing elements:
      Manhattan distance of X:6, Y:20
LUT__2183|in[0]       lut         0.000            19.567               2        (44,89) 
LUT__2183|out         lut         0.000            19.567               2        (44,89) 
n1487                 net         1.426            20.993               2        (44,89) 
   Routing elements:
      Manhattan distance of X:0, Y:4
LUT__2184|in[2]       lut         0.000            20.993               2        (44,85) 
LUT__2184|out         lut         0.000            20.993               2        (44,85) 
n1488                 net         1.672            22.665               2        (44,85) 
   Routing elements:
      Manhattan distance of X:1, Y:0
LUT__2280|in[0]       lut         0.000            22.665               2        (43,85) 
LUT__2280|out         lut         0.000            22.665               2        (43,85) 
n2205_2               net         0.000            22.665               2        (43,85) 
cur_color[3]~FF|D     ff          0.384            23.049               2        (43,85) 

Capture Clock Path
       name          model name   delay (ns)  cumulative delay (ns) pins on net    location
=============================================================================================
clk                    inpad        0.000             0.000               0        (0,22) 
clk                    inpad        0.420             0.420               2        (0,22) 
clk                    net          4.621             5.041               2        (0,22) 
   Routing elements:
      Manhattan distance of X:1, Y:56
CLKBUF__0|I            gbuf         3.318             8.359               2        (1,78) 
CLKBUF__0|O            gbuf         0.000             8.359             204        (1,78) 
clk~O                  net          0.000             8.359             204        (1,78) 
cur_color[3]~FF|CLK    ff           0.000             8.359             204        (43,85)

++++ Path 9 ++++++++++++++++++++++++++++++++++++++++++++++++++++++++++++++++++++

Path Begin    : img_addr[2]~FF|CLK                    
Path End      : cur_color[13]~FF|D                    
Launch Clock  : clk (RISE)                            
Capture Clock : clk (RISE)                            
Slack         : -22.160 (required time - arrival time)
Delay         : 21.986                                

Logic Level             : 7
Non-global nets on path : 7
Global nets on path     : 0

Launch Clock Path Delay        :  8.359
+ Clock To Q + Data Path Delay : 23.020
---------------------------------------
End-of-path arrival time       : 31.379

Constraint                     : 1.000
+ Capture Clock Path Delay     : 8.359
- Clock Uncertainty            : 0.140
--------------------------------------
End-of-path required time      : 9.219

Launch Clock Path
       name         model name   delay (ns)  cumulative delay (ns) pins on net    location
============================================================================================
clk                   inpad        0.000             0.000               0        (0,22) 
clk                   inpad        0.420             0.420               2        (0,22) 
clk                   net          4.621             5.041               2        (0,22) 
   Routing elements:
      Manhattan distance of X:1, Y:56
CLKBUF__0|I           gbuf         3.318             8.359               2        (1,78) 
CLKBUF__0|O           gbuf         0.000             8.359             204        (1,78) 
clk~O                 net          0.000             8.359             204        (1,78) 
img_addr[2]~FF|CLK    ff           0.000             8.359             204        (31,78)

Data Path
       name         model name   delay (ns)  cumulative delay (ns) pins on net    location
============================================================================================
img_addr[2]~FF|Q       ff          0.650             0.650             883        (31,78)
img_addr[2]            net         5.397             6.047             883        (31,78)
   Routing elements:
      Manhattan distance of X:20, Y:36
LUT__3556|in[0]        lut         0.000             6.047             883        (51,42)
LUT__3556|out          lut         0.000             6.047               7        (51,42)
n2850                  net         5.011            11.058               7        (51,42)
   Routing elements:
      Manhattan distance of X:8, Y:28
LUT__3604|in[1]        lut         0.000            11.058               7        (43,14)
LUT__3604|out          lut         0.000            11.058               3        (43,14)
n2898                  net         3.675            14.733               3        (43,14)
   Routing elements: feedthru(1)
      Manhattan distance of X:1, Y:38
LUT__3605|in[2]        lut         0.000            14.733               3        (44,52)
LUT__3605|out          lut         0.000            14.733               2        (44,52)
n2899                  net         1.667            16.400               2        (44,52)
   Routing elements:
      Manhattan distance of X:0, Y:2
LUT__3610|in[0]        lut         0.000            16.400               2        (44,54)
LUT__3610|out          lut         0.000            16.400               2        (44,54)
n2904                  net         1.719            18.119               2        (44,54)
   Routing elements:
      Manhattan distance of X:4, Y:0
LUT__3611|in[0]        lut         0.000            18.119               2        (48,54)
LUT__3611|out          lut         0.000            18.119               2        (48,54)
n2905                  net         2.703            20.822               2        (48,54)
   Routing elements:
      Manhattan distance of X:0, Y:1
LUT__3682|in[2]        lut         0.000            20.822               2        (48,53)
LUT__3682|out          lut         0.000            20.822               2        (48,53)
n2976                  net         1.814            22.636               2        (48,53)
   Routing elements:
      Manhattan distance of X:1, Y:0
LUT__3684|in[2]        lut         0.000            22.636               2        (47,53)
LUT__3684|out          lut         0.000            22.636               2        (47,53)
n2160_2                net         0.000            22.636               2        (47,53)
cur_color[13]~FF|D     ff          0.384            23.020               2        (47,53)

Capture Clock Path
        name          model name   delay (ns)  cumulative delay (ns) pins on net    location
==============================================================================================
clk                     inpad        0.000             0.000               0        (0,22) 
clk                     inpad        0.420             0.420               2        (0,22) 
clk                     net          4.621             5.041               2        (0,22) 
   Routing elements:
      Manhattan distance of X:1, Y:56
CLKBUF__0|I             gbuf         3.318             8.359               2        (1,78) 
CLKBUF__0|O             gbuf         0.000             8.359             204        (1,78) 
clk~O                   net          0.000             8.359             204        (1,78) 
cur_color[13]~FF|CLK    ff           0.000             8.359             204        (47,53)

++++ Path 10 +++++++++++++++++++++++++++++++++++++++++++++++++++++++++++++++++++

Path Begin    : img_x[0]~FF|CLK                       
Path End      : img_addr[1]~FF|D                      
Launch Clock  : clk (RISE)                            
Capture Clock : clk (RISE)                            
Slack         : -22.127 (required time - arrival time)
Delay         : 21.953                                

Logic Level             : 7
Non-global nets on path : 7
Global nets on path     : 0

Launch Clock Path Delay        :  8.359
+ Clock To Q + Data Path Delay : 22.987
---------------------------------------
End-of-path arrival time       : 31.346

Constraint                     : 1.000
+ Capture Clock Path Delay     : 8.359
- Clock Uncertainty            : 0.140
--------------------------------------
End-of-path required time      : 9.219

Launch Clock Path
     name        model name   delay (ns)  cumulative delay (ns) pins on net    location
=========================================================================================
clk                inpad        0.000             0.000               0         (0,22)
clk                inpad        0.420             0.420               2         (0,22)
clk                net          4.621             5.041               2         (0,22)
   Routing elements:
      Manhattan distance of X:1, Y:56
CLKBUF__0|I        gbuf         3.318             8.359               2         (1,78)
CLKBUF__0|O        gbuf         0.000             8.359             204         (1,78)
clk~O              net          0.000             8.359             204         (1,78)
img_x[0]~FF|CLK    ff           0.000             8.359             204         (63,4)

Data Path
      name        model name   delay (ns)  cumulative delay (ns) pins on net    location
==========================================================================================
img_x[0]~FF|Q        ff          0.650             0.650               8        (63,4) 
img_x[0]             net         5.098             5.748               8        (63,4) 
   Routing elements:
      Manhattan distance of X:12, Y:19
LUT__1228|in[3]      lut         0.000             5.748               8        (51,23)
LUT__1228|out        lut         0.000             5.748               3        (51,23)
n608                 net         4.021             9.769               3        (51,23)
   Routing elements:
      Manhattan distance of X:1, Y:1
LUT__1260|in[2]      lut         0.000             9.769               3        (50,24)
LUT__1260|out        lut         0.000             9.769               2        (50,24)
n640                 net         1.425            11.194               2        (50,24)
   Routing elements:
      Manhattan distance of X:0, Y:3
LUT__1264|in[2]      lut         0.000            11.194               2        (50,27)
LUT__1264|out        lut         0.000            11.194               2        (50,27)
n644                 net         2.470            13.664               2        (50,27)
   Routing elements:
      Manhattan distance of X:5, Y:20
LUT__1267|in[2]      lut         0.000            13.664               2        (55,47)
LUT__1267|out        lut         0.000            13.664               2        (55,47)
n647                 net         2.619            16.283               2        (55,47)
   Routing elements:
      Manhattan distance of X:4, Y:20
LUT__1278|in[1]      lut         0.000            16.283               2        (59,67)
LUT__1278|out        lut         0.000            16.283              19        (59,67)
n658                 net         1.798            18.081              19        (59,67)
   Routing elements:
      Manhattan distance of X:10, Y:0
LUT__1357|in[2]      lut         0.000            18.081              19        (49,67)
LUT__1357|out        lut         0.000            18.081              13        (49,67)
n720                 net         4.522            22.603              13        (49,67)
   Routing elements:
      Manhattan distance of X:18, Y:8
LUT__3819|in[0]      lut         0.000            22.603              13        (31,75)
LUT__3819|out        lut         0.000            22.603               2        (31,75)
n2148_2              net         0.000            22.603               2        (31,75)
img_addr[1]~FF|D     ff          0.384            22.987               2        (31,75)

Capture Clock Path
       name         model name   delay (ns)  cumulative delay (ns) pins on net    location
============================================================================================
clk                   inpad        0.000             0.000               0        (0,22) 
clk                   inpad        0.420             0.420               2        (0,22) 
clk                   net          4.621             5.041               2        (0,22) 
   Routing elements:
      Manhattan distance of X:1, Y:56
CLKBUF__0|I           gbuf         3.318             8.359               2        (1,78) 
CLKBUF__0|O           gbuf         0.000             8.359             204        (1,78) 
clk~O                 net          0.000             8.359             204        (1,78) 
img_addr[1]~FF|CLK    ff           0.000             8.359             204        (31,75)

---------- Path Details for Max Critical Paths (end) ---------------

---------- 4. Path Details for Min Critical Paths (begin) ----------

################################################################################
Path Detail Report (clk vs clk)
################################################################################


++++ Path 1 ++++++++++++++++++++++++++++++++++++++++++++++++++++++++++++++++++++

Path Begin    : img_addr[0]~FF|CLK                  
Path End      : img_addr[0]~FF|D                    
Launch Clock  : clk (RISE)                          
Capture Clock : clk (RISE)                          
Slack         : 0.643 (arrival time - required time)
Delay         : 0.461                               

Logic Level             : 1
Non-global nets on path : 1
Global nets on path     : 0

Launch Clock Path Delay        : 2.985
+ Clock To Q + Data Path Delay : 0.693
--------------------------------------
End-of-path arrival time       : 3.678

Constraint                     : 0.000
+ Capture Clock Path Delay     : 2.985
+ Clock Uncertainty            : 0.050
--------------------------------------
End-of-path required time      : 3.035

Launch Clock Path
       name         model name   delay (ns)  cumulative delay (ns) pins on net    location
============================================================================================
clk                   inpad        0.000             0.000               0        (0,22) 
clk                   inpad        0.150             0.150               2        (0,22) 
clk                   net          1.650             1.800               2        (0,22) 
   Routing elements:
      Manhattan distance of X:1, Y:56
CLKBUF__0|I           gbuf         1.185             2.985               2        (1,78) 
CLKBUF__0|O           gbuf         0.000             2.985             204        (1,78) 
clk~O                 net          0.000             2.985             204        (1,78) 
img_addr[0]~FF|CLK    ff           0.000             2.985             204        (29,76)

Data Path
      name        model name   delay (ns)  cumulative delay (ns) pins on net    location
==========================================================================================
img_addr[0]~FF|Q     ff          0.232             0.232             840        (29,76)
img_addr[0]          net         0.461             0.693             840        (29,76)
LUT__1358|in[3]      lut         0.000             0.693             840        (29,76)
LUT__1358|out        lut         0.000             0.693               2        (29,76)
n2487_2              net         0.000             0.693               2        (29,76)
img_addr[0]~FF|D     ff          0.000             0.693               2        (29,76)

Capture Clock Path
       name         model name   delay (ns)  cumulative delay (ns) pins on net    location
============================================================================================
clk                   inpad        0.000             0.000               0        (0,22) 
clk                   inpad        0.150             0.150               2        (0,22) 
clk                   net          1.650             1.800               2        (0,22) 
   Routing elements:
      Manhattan distance of X:1, Y:56
CLKBUF__0|I           gbuf         1.185             2.985               2        (1,78) 
CLKBUF__0|O           gbuf         0.000             2.985             204        (1,78) 
clk~O                 net          0.000             2.985             204        (1,78) 
img_addr[0]~FF|CLK    ff           0.000             2.985             204        (29,76)

++++ Path 2 ++++++++++++++++++++++++++++++++++++++++++++++++++++++++++++++++++++

Path Begin    : tx_cnt[1]~FF|CLK                    
Path End      : lcd_sck~FF|D                        
Launch Clock  : clk (RISE)                          
Capture Clock : clk (RISE)                          
Slack         : 0.643 (arrival time - required time)
Delay         : 0.461                               

Logic Level             : 1
Non-global nets on path : 1
Global nets on path     : 0

Launch Clock Path Delay        : 2.985
+ Clock To Q + Data Path Delay : 0.693
--------------------------------------
End-of-path arrival time       : 3.678

Constraint                     : 0.000
+ Capture Clock Path Delay     : 2.985
+ Clock Uncertainty            : 0.050
--------------------------------------
End-of-path required time      : 3.035

Launch Clock Path
      name        model name   delay (ns)  cumulative delay (ns) pins on net    location
==========================================================================================
clk                 inpad        0.000             0.000               0        (0,22) 
clk                 inpad        0.150             0.150               2        (0,22) 
clk                 net          1.650             1.800               2        (0,22) 
   Routing elements:
      Manhattan distance of X:1, Y:56
CLKBUF__0|I         gbuf         1.185             2.985               2        (1,78) 
CLKBUF__0|O         gbuf         0.000             2.985             204        (1,78) 
clk~O               net          0.000             2.985             204        (1,78) 
tx_cnt[1]~FF|CLK    ff           0.000             2.985             204        (75,94)

Data Path
     name        model name   delay (ns)  cumulative delay (ns) pins on net    location
=========================================================================================
tx_cnt[1]~FF|Q      ff          0.232             0.232              4         (75,94)
tx_cnt[1]           net         0.461             0.693              4         (75,94)
   Routing elements:
      Manhattan distance of X:0, Y:1
LUT__1298|in[3]     lut         0.000             0.693              4         (75,93)
LUT__1298|out       lut         0.000             0.693              2         (75,93)
n154                net         0.000             0.693              2         (75,93)
lcd_sck~FF|D        ff          0.000             0.693              2         (75,93)

Capture Clock Path
     name       model name   delay (ns)  cumulative delay (ns) pins on net    location
========================================================================================
clk               inpad        0.000             0.000               0        (0,22) 
clk               inpad        0.150             0.150               2        (0,22) 
clk               net          1.650             1.800               2        (0,22) 
   Routing elements:
      Manhattan distance of X:1, Y:56
CLKBUF__0|I       gbuf         1.185             2.985               2        (1,78) 
CLKBUF__0|O       gbuf         0.000             2.985             204        (1,78) 
clk~O             net          0.000             2.985             204        (1,78) 
lcd_sck~FF|CLK    ff           0.000             2.985             204        (75,93)

++++ Path 3 ++++++++++++++++++++++++++++++++++++++++++++++++++++++++++++++++++++

Path Begin    : dly_cnt[0]~FF|CLK                   
Path End      : dly_cnt[0]~FF|D                     
Launch Clock  : clk (RISE)                          
Capture Clock : clk (RISE)                          
Slack         : 0.643 (arrival time - required time)
Delay         : 0.461                               

Logic Level             : 1
Non-global nets on path : 1
Global nets on path     : 0

Launch Clock Path Delay        : 2.985
+ Clock To Q + Data Path Delay : 0.693
--------------------------------------
End-of-path arrival time       : 3.678

Constraint                     : 0.000
+ Capture Clock Path Delay     : 2.985
+ Clock Uncertainty            : 0.050
--------------------------------------
End-of-path required time      : 3.035

Launch Clock Path
      name         model name   delay (ns)  cumulative delay (ns) pins on net    location
===========================================================================================
clk                  inpad        0.000             0.000               0        (0,22) 
clk                  inpad        0.150             0.150               2        (0,22) 
clk                  net          1.650             1.800               2        (0,22) 
   Routing elements:
      Manhattan distance of X:1, Y:56
CLKBUF__0|I          gbuf         1.185             2.985               2        (1,78) 
CLKBUF__0|O          gbuf         0.000             2.985             204        (1,78) 
clk~O                net          0.000             2.985             204        (1,78) 
dly_cnt[0]~FF|CLK    ff           0.000             2.985             204        (73,52)

Data Path
     name        model name   delay (ns)  cumulative delay (ns) pins on net    location
=========================================================================================
dly_cnt[0]~FF|Q     ff          0.232             0.232              6         (73,52)
dly_cnt[0]          net         0.461             0.693              6         (73,52)
LUT__1213|in[3]     lut         0.000             0.693              6         (73,52)
LUT__1213|out       lut         0.000             0.693              2         (73,52)
n2466_2             net         0.000             0.693              2         (73,52)
dly_cnt[0]~FF|D     ff          0.000             0.693              2         (73,52)

Capture Clock Path
      name         model name   delay (ns)  cumulative delay (ns) pins on net    location
===========================================================================================
clk                  inpad        0.000             0.000               0        (0,22) 
clk                  inpad        0.150             0.150               2        (0,22) 
clk                  net          1.650             1.800               2        (0,22) 
   Routing elements:
      Manhattan distance of X:1, Y:56
CLKBUF__0|I          gbuf         1.185             2.985               2        (1,78) 
CLKBUF__0|O          gbuf         0.000             2.985             204        (1,78) 
clk~O                net          0.000             2.985             204        (1,78) 
dly_cnt[0]~FF|CLK    ff           0.000             2.985             204        (73,52)

++++ Path 4 ++++++++++++++++++++++++++++++++++++++++++++++++++++++++++++++++++++

Path Begin    : pix_cnt[0]~FF|CLK                   
Path End      : pix_cnt[0]~FF|D                     
Launch Clock  : clk (RISE)                          
Capture Clock : clk (RISE)                          
Slack         : 0.643 (arrival time - required time)
Delay         : 0.461                               

Logic Level             : 1
Non-global nets on path : 1
Global nets on path     : 0

Launch Clock Path Delay        : 2.985
+ Clock To Q + Data Path Delay : 0.693
--------------------------------------
End-of-path arrival time       : 3.678

Constraint                     : 0.000
+ Capture Clock Path Delay     : 2.985
+ Clock Uncertainty            : 0.050
--------------------------------------
End-of-path required time      : 3.035

Launch Clock Path
      name         model name   delay (ns)  cumulative delay (ns) pins on net    location
===========================================================================================
clk                  inpad        0.000             0.000               0        (0,22) 
clk                  inpad        0.150             0.150               2        (0,22) 
clk                  net          1.650             1.800               2        (0,22) 
   Routing elements:
      Manhattan distance of X:1, Y:56
CLKBUF__0|I          gbuf         1.185             2.985               2        (1,78) 
CLKBUF__0|O          gbuf         0.000             2.985             204        (1,78) 
clk~O                net          0.000             2.985             204        (1,78) 
pix_cnt[0]~FF|CLK    ff           0.000             2.985             204        (71,29)

Data Path
     name        model name   delay (ns)  cumulative delay (ns) pins on net    location
=========================================================================================
pix_cnt[0]~FF|Q     ff          0.232             0.232              5         (71,29)
pix_cnt[0]          net         0.461             0.693              5         (71,29)
LUT__1317|in[3]     lut         0.000             0.693              5         (71,29)
LUT__1317|out       lut         0.000             0.693              2         (71,29)
n1179_2             net         0.000             0.693              2         (71,29)
pix_cnt[0]~FF|D     ff          0.000             0.693              2         (71,29)

Capture Clock Path
      name         model name   delay (ns)  cumulative delay (ns) pins on net    location
===========================================================================================
clk                  inpad        0.000             0.000               0        (0,22) 
clk                  inpad        0.150             0.150               2        (0,22) 
clk                  net          1.650             1.800               2        (0,22) 
   Routing elements:
      Manhattan distance of X:1, Y:56
CLKBUF__0|I          gbuf         1.185             2.985               2        (1,78) 
CLKBUF__0|O          gbuf         0.000             2.985             204        (1,78) 
clk~O                net          0.000             2.985             204        (1,78) 
pix_cnt[0]~FF|CLK    ff           0.000             2.985             204        (71,29)

++++ Path 5 ++++++++++++++++++++++++++++++++++++++++++++++++++++++++++++++++++++

Path Begin    : tx_cnt[0]~FF|CLK                    
Path End      : tx_cnt[0]~FF|D                      
Launch Clock  : clk (RISE)                          
Capture Clock : clk (RISE)                          
Slack         : 0.643 (arrival time - required time)
Delay         : 0.461                               

Logic Level             : 1
Non-global nets on path : 1
Global nets on path     : 0

Launch Clock Path Delay        : 2.985
+ Clock To Q + Data Path Delay : 0.693
--------------------------------------
End-of-path arrival time       : 3.678

Constraint                     : 0.000
+ Capture Clock Path Delay     : 2.985
+ Clock Uncertainty            : 0.050
--------------------------------------
End-of-path required time      : 3.035

Launch Clock Path
      name        model name   delay (ns)  cumulative delay (ns) pins on net    location
==========================================================================================
clk                 inpad        0.000             0.000               0        (0,22) 
clk                 inpad        0.150             0.150               2        (0,22) 
clk                 net          1.650             1.800               2        (0,22) 
   Routing elements:
      Manhattan distance of X:1, Y:56
CLKBUF__0|I         gbuf         1.185             2.985               2        (1,78) 
CLKBUF__0|O         gbuf         0.000             2.985             204        (1,78) 
clk~O               net          0.000             2.985             204        (1,78) 
tx_cnt[0]~FF|CLK    ff           0.000             2.985             204        (75,90)

Data Path
     name        model name   delay (ns)  cumulative delay (ns) pins on net    location
=========================================================================================
tx_cnt[0]~FF|Q      ff          0.232             0.232              6         (75,90)
tx_cnt[0]           net         0.461             0.693              6         (75,90)
LUT__1360|in[3]     lut         0.000             0.693              6         (75,90)
LUT__1360|out       lut         0.000             0.693              2         (75,90)
n151                net         0.000             0.693              2         (75,90)
tx_cnt[0]~FF|D      ff          0.000             0.693              2         (75,90)

Capture Clock Path
      name        model name   delay (ns)  cumulative delay (ns) pins on net    location
==========================================================================================
clk                 inpad        0.000             0.000               0        (0,22) 
clk                 inpad        0.150             0.150               2        (0,22) 
clk                 net          1.650             1.800               2        (0,22) 
   Routing elements:
      Manhattan distance of X:1, Y:56
CLKBUF__0|I         gbuf         1.185             2.985               2        (1,78) 
CLKBUF__0|O         gbuf         0.000             2.985             204        (1,78) 
clk~O               net          0.000             2.985             204        (1,78) 
tx_cnt[0]~FF|CLK    ff           0.000             2.985             204        (75,90)

++++ Path 6 ++++++++++++++++++++++++++++++++++++++++++++++++++++++++++++++++++++

Path Begin    : tx_busy~FF|CLK                      
Path End      : tx_busy~FF|D                        
Launch Clock  : clk (RISE)                          
Capture Clock : clk (RISE)                          
Slack         : 0.643 (arrival time - required time)
Delay         : 0.461                               

Logic Level             : 1
Non-global nets on path : 1
Global nets on path     : 0

Launch Clock Path Delay        : 2.985
+ Clock To Q + Data Path Delay : 0.693
--------------------------------------
End-of-path arrival time       : 3.678

Constraint                     : 0.000
+ Capture Clock Path Delay     : 2.985
+ Clock Uncertainty            : 0.050
--------------------------------------
End-of-path required time      : 3.035

Launch Clock Path
     name       model name   delay (ns)  cumulative delay (ns) pins on net    location
========================================================================================
clk               inpad        0.000             0.000               0        (0,22) 
clk               inpad        0.150             0.150               2        (0,22) 
clk               net          1.650             1.800               2        (0,22) 
   Routing elements:
      Manhattan distance of X:1, Y:56
CLKBUF__0|I       gbuf         1.185             2.985               2        (1,78) 
CLKBUF__0|O       gbuf         0.000             2.985             204        (1,78) 
clk~O             net          0.000             2.985             204        (1,78) 
tx_busy~FF|CLK    ff           0.000             2.985             204        (75,59)

Data Path
     name        model name   delay (ns)  cumulative delay (ns) pins on net    location
=========================================================================================
tx_busy~FF|Q        ff          0.232             0.232               4        (75,59)
tx_busy             net         0.461             0.693               4        (75,59)
LUT__1297|in[3]     lut         0.000             0.693               4        (75,59)
LUT__1297|out       lut         0.000             0.693              13        (75,59)
n110                net         0.000             0.693              13        (75,59)
tx_busy~FF|D        ff          0.000             0.693              13        (75,59)

Capture Clock Path
     name       model name   delay (ns)  cumulative delay (ns) pins on net    location
========================================================================================
clk               inpad        0.000             0.000               0        (0,22) 
clk               inpad        0.150             0.150               2        (0,22) 
clk               net          1.650             1.800               2        (0,22) 
   Routing elements:
      Manhattan distance of X:1, Y:56
CLKBUF__0|I       gbuf         1.185             2.985               2        (1,78) 
CLKBUF__0|O       gbuf         0.000             2.985             204        (1,78) 
clk~O             net          0.000             2.985             204        (1,78) 
tx_busy~FF|CLK    ff           0.000             2.985             204        (75,59)

++++ Path 7 ++++++++++++++++++++++++++++++++++++++++++++++++++++++++++++++++++++

Path Begin    : move_cnt[0]~FF|CLK                  
Path End      : move_cnt[0]~FF|D                    
Launch Clock  : clk (RISE)                          
Capture Clock : clk (RISE)                          
Slack         : 0.643 (arrival time - required time)
Delay         : 0.461                               

Logic Level             : 0
Non-global nets on path : 1
Global nets on path     : 0

Launch Clock Path Delay        : 2.985
+ Clock To Q + Data Path Delay : 0.693
--------------------------------------
End-of-path arrival time       : 3.678

Constraint                     : 0.000
+ Capture Clock Path Delay     : 2.985
+ Clock Uncertainty            : 0.050
--------------------------------------
End-of-path required time      : 3.035

Launch Clock Path
       name         model name   delay (ns)  cumulative delay (ns) pins on net    location
============================================================================================
clk                   inpad        0.000             0.000               0        (0,22) 
clk                   inpad        0.150             0.150               2        (0,22) 
clk                   net          1.650             1.800               2        (0,22) 
   Routing elements:
      Manhattan distance of X:1, Y:56
CLKBUF__0|I           gbuf         1.185             2.985               2        (1,78) 
CLKBUF__0|O           gbuf         0.000             2.985             204        (1,78) 
clk~O                 net          0.000             2.985             204        (1,78) 
move_cnt[0]~FF|CLK    ff           0.000             2.985             204        (69,18)

Data Path
      name        model name   delay (ns)  cumulative delay (ns) pins on net    location
==========================================================================================
move_cnt[0]~FF|Q     ff          0.232             0.232              4         (69,18)
move_cnt[0]          net         0.461             0.693              4         (69,18)
move_cnt[0]~FF|D     ff          0.000             0.693              4         (69,18)

Capture Clock Path
       name         model name   delay (ns)  cumulative delay (ns) pins on net    location
============================================================================================
clk                   inpad        0.000             0.000               0        (0,22) 
clk                   inpad        0.150             0.150               2        (0,22) 
clk                   net          1.650             1.800               2        (0,22) 
   Routing elements:
      Manhattan distance of X:1, Y:56
CLKBUF__0|I           gbuf         1.185             2.985               2        (1,78) 
CLKBUF__0|O           gbuf         0.000             2.985             204        (1,78) 
clk~O                 net          0.000             2.985             204        (1,78) 
move_cnt[0]~FF|CLK    ff           0.000             2.985             204        (69,18)

++++ Path 8 ++++++++++++++++++++++++++++++++++++++++++++++++++++++++++++++++++++

Path Begin    : next_y[0]~FF|CLK                    
Path End      : next_y[0]~FF|D                      
Launch Clock  : clk (RISE)                          
Capture Clock : clk (RISE)                          
Slack         : 0.643 (arrival time - required time)
Delay         : 0.461                               

Logic Level             : 0
Non-global nets on path : 1
Global nets on path     : 0

Launch Clock Path Delay        : 2.985
+ Clock To Q + Data Path Delay : 0.693
--------------------------------------
End-of-path arrival time       : 3.678

Constraint                     : 0.000
+ Capture Clock Path Delay     : 2.985
+ Clock Uncertainty            : 0.050
--------------------------------------
End-of-path required time      : 3.035

Launch Clock Path
      name        model name   delay (ns)  cumulative delay (ns) pins on net    location
==========================================================================================
clk                 inpad        0.000             0.000               0        (0,22) 
clk                 inpad        0.150             0.150               2        (0,22) 
clk                 net          1.650             1.800               2        (0,22) 
   Routing elements:
      Manhattan distance of X:1, Y:56
CLKBUF__0|I         gbuf         1.185             2.985               2        (1,78) 
CLKBUF__0|O         gbuf         0.000             2.985             204        (1,78) 
clk~O               net          0.000             2.985             204        (1,78) 
next_y[0]~FF|CLK    ff           0.000             2.985             204        (67,40)

Data Path
     name       model name   delay (ns)  cumulative delay (ns) pins on net    location
========================================================================================
next_y[0]~FF|Q     ff          0.232             0.232              8         (67,40)
next_y[0]          net         0.461             0.693              8         (67,40)
next_y[0]~FF|D     ff          0.000             0.693              8         (67,40)

Capture Clock Path
      name        model name   delay (ns)  cumulative delay (ns) pins on net    location
==========================================================================================
clk                 inpad        0.000             0.000               0        (0,22) 
clk                 inpad        0.150             0.150               2        (0,22) 
clk                 net          1.650             1.800               2        (0,22) 
   Routing elements:
      Manhattan distance of X:1, Y:56
CLKBUF__0|I         gbuf         1.185             2.985               2        (1,78) 
CLKBUF__0|O         gbuf         0.000             2.985             204        (1,78) 
clk~O               net          0.000             2.985             204        (1,78) 
next_y[0]~FF|CLK    ff           0.000             2.985             204        (67,40)

++++ Path 9 ++++++++++++++++++++++++++++++++++++++++++++++++++++++++++++++++++++

Path Begin    : dir_x~FF|CLK                        
Path End      : dir_x~FF|D                          
Launch Clock  : clk (RISE)                          
Capture Clock : clk (RISE)                          
Slack         : 0.643 (arrival time - required time)
Delay         : 0.461                               

Logic Level             : 0
Non-global nets on path : 1
Global nets on path     : 0

Launch Clock Path Delay        : 2.985
+ Clock To Q + Data Path Delay : 0.693
--------------------------------------
End-of-path arrival time       : 3.678

Constraint                     : 0.000
+ Capture Clock Path Delay     : 2.985
+ Clock Uncertainty            : 0.050
--------------------------------------
End-of-path required time      : 3.035

Launch Clock Path
    name      model name   delay (ns)  cumulative delay (ns) pins on net    location
======================================================================================
clk             inpad        0.000             0.000               0        (0,22) 
clk             inpad        0.150             0.150               2        (0,22) 
clk             net          1.650             1.800               2        (0,22) 
   Routing elements:
      Manhattan distance of X:1, Y:56
CLKBUF__0|I     gbuf         1.185             2.985               2        (1,78) 
CLKBUF__0|O     gbuf         0.000             2.985             204        (1,78) 
clk~O           net          0.000             2.985             204        (1,78) 
dir_x~FF|CLK    ff           0.000             2.985             204        (63,20)

Data Path
    name      model name   delay (ns)  cumulative delay (ns) pins on net    location
======================================================================================
 dir_x~FF|Q      ff          0.232             0.232              5         (63,20)
 dir_x           net         0.461             0.693              5         (63,20)
 dir_x~FF|D      ff          0.000             0.693              5         (63,20)

Capture Clock Path
    name      model name   delay (ns)  cumulative delay (ns) pins on net    location
======================================================================================
clk             inpad        0.000             0.000               0        (0,22) 
clk             inpad        0.150             0.150               2        (0,22) 
clk             net          1.650             1.800               2        (0,22) 
   Routing elements:
      Manhattan distance of X:1, Y:56
CLKBUF__0|I     gbuf         1.185             2.985               2        (1,78) 
CLKBUF__0|O     gbuf         0.000             2.985             204        (1,78) 
clk~O           net          0.000             2.985             204        (1,78) 
dir_x~FF|CLK    ff           0.000             2.985             204        (63,20)

++++ Path 10 +++++++++++++++++++++++++++++++++++++++++++++++++++++++++++++++++++

Path Begin    : next_x[0]~FF|CLK                    
Path End      : next_x[0]~FF|D                      
Launch Clock  : clk (RISE)                          
Capture Clock : clk (RISE)                          
Slack         : 0.643 (arrival time - required time)
Delay         : 0.461                               

Logic Level             : 0
Non-global nets on path : 1
Global nets on path     : 0

Launch Clock Path Delay        : 2.985
+ Clock To Q + Data Path Delay : 0.693
--------------------------------------
End-of-path arrival time       : 3.678

Constraint                     : 0.000
+ Capture Clock Path Delay     : 2.985
+ Clock Uncertainty            : 0.050
--------------------------------------
End-of-path required time      : 3.035

Launch Clock Path
      name        model name   delay (ns)  cumulative delay (ns) pins on net    location
==========================================================================================
clk                 inpad        0.000             0.000               0        (0,22) 
clk                 inpad        0.150             0.150               2        (0,22) 
clk                 net          1.650             1.800               2        (0,22) 
   Routing elements:
      Manhattan distance of X:1, Y:56
CLKBUF__0|I         gbuf         1.185             2.985               2        (1,78) 
CLKBUF__0|O         gbuf         0.000             2.985             204        (1,78) 
clk~O               net          0.000             2.985             204        (1,78) 
next_x[0]~FF|CLK    ff           0.000             2.985             204        (63,10)

Data Path
     name       model name   delay (ns)  cumulative delay (ns) pins on net    location
========================================================================================
next_x[0]~FF|Q     ff          0.232             0.232              7         (63,10)
next_x[0]          net         0.461             0.693              7         (63,10)
next_x[0]~FF|D     ff          0.000             0.693              7         (63,10)

Capture Clock Path
      name        model name   delay (ns)  cumulative delay (ns) pins on net    location
==========================================================================================
clk                 inpad        0.000             0.000               0        (0,22) 
clk                 inpad        0.150             0.150               2        (0,22) 
clk                 net          1.650             1.800               2        (0,22) 
   Routing elements:
      Manhattan distance of X:1, Y:56
CLKBUF__0|I         gbuf         1.185             2.985               2        (1,78) 
CLKBUF__0|O         gbuf         0.000             2.985             204        (1,78) 
clk~O               net          0.000             2.985             204        (1,78) 
next_x[0]~FF|CLK    ff           0.000             2.985             204        (63,10)

---------- Path Details for Min Critical Paths (end) ---------------

