
Efinity Interface Designer Timing Report
Version: 2026.1.132
Date: 2026-06-14 00:19

Copyright (C) 2013 - 2026 Efinix Inc. All rights reserved.

Device: T8F81
Project: lcd
Timing Model: C2 (final)

---------- 1. PLL Timing Report (begin) ----------

+---------+-------------+
|  Clock  | Period (ns) |
+---------+-------------+
| pll_clk |    20.000   |
+---------+-------------+

---------- PLL Timing Report (end) ----------

---------- 2. GPIO Timing Report (begin) ----------

Non-registered GPIO Configuration:
===================================

+---------------+----------+-----------+----------+----------+
| Instance Name | Pin Name | Parameter | Max (ns) | Min (ns) |
+---------------+----------+-----------+----------+----------+
|    btn_rst    | btn_rst  |  GPIO_IN  |  1.954   |  0.698   |
|      clk      |   clk    |  GPIO_IN  |  1.954   |  0.698   |
|    pll_rst    | pll_rst  |  GPIO_IN  |  1.954   |  0.698   |
|     lcd_cs    |  lcd_cs  |  GPIO_OUT |  5.361   |  1.915   |
|     lcd_dc    |  lcd_dc  |  GPIO_OUT |  5.361   |  1.915   |
|    lcd_mosi   | lcd_mosi |  GPIO_OUT |  5.361   |  1.915   |
|    lcd_sck    | lcd_sck  |  GPIO_OUT |  5.361   |  1.915   |
|     led_d1    |  led_d1  |  GPIO_OUT |  5.361   |  1.915   |
|     led_d2    |  led_d2  |  GPIO_OUT |  5.361   |  1.915   |
|     led_d3    |  led_d3  |  GPIO_OUT |  5.361   |  1.915   |
|     led_d4    |  led_d4  |  GPIO_OUT |  5.361   |  1.915   |
+---------------+----------+-----------+----------+----------+

---------- GPIO Timing Report (end) ----------
